1578490546.469
